NAME   FAN-OUT  FAN-IN  DEPTH  TRANSITIVE
alpha  5        0       2      6
beta   2        1       1      2

Orphans (2):
  docs/guide.md
  skills/_shared/unused.md

Broken edges (1):
  skills/beta/SKILL.md:12 -> skills/beta/missing.md (markdown-link)

Hotspots (6):
  skills/_shared/common.md  (fan-in 2)
  agents/reviewer.md  (fan-in 1)
  commands/alpha/  (fan-in 1)
  profiles/go/  (fan-in 1)
  profiles/go/review-code/  (fan-in 1)
  skills/beta/  (fan-in 1)

Coupling (1):
  skills/alpha/ <-> skills/beta/  (2 shared)

Diagnostics (1):
  example diagnostic: sample warning
